// Jest Snapshot v1, https://jestjs.io/docs/snapshot-testing

exports[`update-comment tool updating comments should update a comment content 1`] = `
"# Comment Updated

**Comment ID:** 54321
**Thread ID:** 12345
**Channel ID:** 67890
**URL:** https://twist.com/a/11111/ch/67890/t/12345/c/54321

## Content

Updated comment content"
`;
